// Jest Snapshot v1, https://goo.gl/fbAQLP

exports[`ConnectToRemoteServer page Component match snapshot 1`] = `
<DefaultPage
  actions={
    Array [
      <P
        className="cancelButton"
        label="CANCEL"
        onClick={[Function]}
      />,
      <P
        className="connectButton"
        label="CONNECT"
        onClick={[Function]}
        primary={true}
      />,
    ]
  }
  subtitle="By connecting to a Remote Server, you can access projects located in some machine or cluster shared among different users."
  title="Connect to a Remote Server"
>
  <div
    className="container"
  >
    <p
      className="title"
    >
      How to connect to a Server
    </p>
    <p
      className="subtitle"
    >
      Before trying to connect to a Server, make sure you have access privileges. A Server administrator must add you account to the users list. You can add a Remote Server without access provileges but you will not be able to sign in or work with projects.
    </p>
    <div
      className="formServerUrl"
    >
      <tt
        Icon={
          Object {
            "$$typeof": Symbol(react.memo),
            "compare": null,
            "displayName": "LinkIcon",
            "muiName": "SvgIcon",
            "type": Object {
              "$$typeof": Symbol(react.forward_ref),
              "render": [Function],
            },
          }
        }
        label="server url"
        onChange={[Function]}
        onEnterKeyPress={[Function]}
        showClearButton={true}
      />
    </div>
  </div>
</DefaultPage>
`;
