// Jest Snapshot v1, https://goo.gl/fbAQLP

exports[`ServersSection component Component match snapshot 1`] = `
<div
  className="container"
>
  <div
    className="titleSection"
  >
    <p
      className="title"
    >
      Some title
    </p>
    <P
      Icon={
        Object {
          "$$typeof": Symbol(react.memo),
          "compare": null,
          "displayName": "AddIcon",
          "muiName": "SvgIcon",
          "type": Object {
            "$$typeof": Symbol(react.forward_ref),
            "render": [Function],
          },
        }
      }
      className="action"
      label="ADD SERVER"
      to="/home"
    />
  </div>
  <p
    className="subtitle"
  >
    Some subtitle
  </p>
  <div
    className="servers"
  >
    <ServerComponent
      id="serverId"
      key="serverId"
      serverId="serverId"
      serverUrl="server.url"
    />
    <AddServer
      label="ADD SERVER"
      to="/home"
    />
  </div>
</div>
`;
