// Jest Snapshot v1, https://goo.gl/fbAQLP

exports[`Server component Component match snapshot 1`] = `
<div
  className="triangle up"
>
  <div
    className="t4"
  >
    ▲
  </div>
  <div
    className="t3"
  >
    ▲
  </div>
  <div
    className="t2"
  >
    ▲
  </div>
  <div
    className="t1"
  >
    ▲
  </div>
</div>
`;
