// Jest Snapshot v1, https://goo.gl/fbAQLP

exports[`ServersBar component Component match snapshot 1`] = `
<div
  className="container"
>
  <nt>
    <Component
      className="formSearch"
      hideError={true}
      hideLabel={true}
      label=""
      onChange={[Function]}
      options={Array []}
      placeholder="Search"
      showSearchIcon={true}
      theme="transparent"
    />
  </nt>
  <rt
    className="right"
  >
    <p
      className="nServers"
    >
      4 servers shown
    </p>
    <P
      Icon={
        Object {
          "$$typeof": Symbol(react.memo),
          "compare": null,
          "displayName": "AddIcon",
          "muiName": "SvgIcon",
          "type": Object {
            "$$typeof": Symbol(react.forward_ref),
            "render": [Function],
          },
        }
      }
      label="ADD SERVER"
      to="/new-server"
    />
  </rt>
</div>
`;
