// Jest Snapshot v1, https://goo.gl/fbAQLP

exports[`ServerLogin Component match snapshot 1`] = `
<DefaultPage
  actions={
    Array [
      <P
        className="cancelButton"
        label="CANCEL"
        to="/"
      />,
      <P
        className="loginButton"
        label="SEND ME A LOGIN LINK"
        onClick={[Function]}
        primary={true}
      />,
    ]
  }
  subtitle="You will sign in to the a Remote Server. Make sure you have access privileges or you will not be able to complete the process. After introducing you email address, and email will allow you to sign in."
  title="Sign in to Remote Server"
>
  <div
    className="container"
  >
    <div
      className="information"
    >
      <div
        className="url"
      >
        <p
          className="title"
        >
          SERVER URL
        </p>
        <p
          className="value"
        />
      </div>
      <div
        className="name"
      >
        <p
          className="title"
        >
          SERVER NAME
        </p>
        <div
          className="content"
        >
          <div
            className="circle"
          />
          <p
            className="value"
          />
        </div>
      </div>
    </div>
    <div
      className="form"
    >
      <div
        className="formEmail"
      >
        <tt
          Icon={
            Object {
              "$$typeof": Symbol(react.memo),
              "compare": null,
              "displayName": "MailIcon",
              "muiName": "SvgIcon",
              "type": Object {
                "$$typeof": Symbol(react.forward_ref),
                "render": [Function],
              },
            }
          }
          autoFocus={true}
          label="email"
          onChange={[Function]}
          onEnterKeyPress={[Function]}
          showClearButton={true}
        />
      </div>
      <div
        className="confirmation"
      >
        <div
          className="icon"
        >
          <MailIcon
            className="icon-regular"
          />
        </div>
        <p>
          link sent to "". Check your inbox.
        </p>
      </div>
    </div>
  </div>
</DefaultPage>
`;
