// Jest Snapshot v1, https://goo.gl/fbAQLP

exports[`CheckLocalServerRequirements page Component match snapshot 1`] = `
<DefaultPage
  actions={
    Array [
      <P
        className="cancelButton"
        label="CANCEL"
        onClick={[Function]}
      />,
      <P
        className="installButton"
        disabled={true}
        label="INSTALL"
        primary={true}
        to="/install-local-server"
      />,
    ]
  }
  subtitle="Intalling a local server allows the user to create fully functional KDL proyects. You can stop the server at any time to free up resources."
  title="Install local Server"
>
  <div
    className="container"
  >
    <p
      className="title"
    >
      Checking requirements
    </p>
    <p
      className="description"
    >
      Before installing the local Server in your machine, some checks must be done. Installation will be done within a Kubernetes environment and may require the installation of different tools.
    </p>
    <CheckLocalRequirements
      setChecksState={[Function]}
    />
  </div>
</DefaultPage>
`;
