// Jest Snapshot v1, https://goo.gl/fbAQLP

exports[`CheckLocalServerRequirements page Component match snapshot 1`] = `
<DefaultPage
  actions={
    Array [
      <P
        className="cancelButton"
        label="CANCEL"
        onClick={[Function]}
      />,
      <P
        className="installButton"
        disabled={true}
        label="INSTALL"
        primary={true}
        to="/install-local-server"
      />,
    ]
  }
  subtitle="Konstellation Server is based on Kubernetes. Kubernetes can run in almost any platform. The local server installation is checking if everything is ready to start the installation."
  title="Install local Server"
>
  <div
    className="container"
  >
    <p
      className="title"
    >
      Checking requirements
    </p>
    <p
      className="description"
    >
      In hac habitasse platea dictumst. Vivamus adipiscing fermentum quam volutpat aliquam. Integer et elit eget elit facilisis tristique. Nam vel iaculis mauris. Sed ullamcorper tellus.
    </p>
    <CheckLocalRequirements
      setChecksState={[Function]}
    />
  </div>
</DefaultPage>
`;
